Starting kivou-173-review-deploy-18e37b8.service - /srv/kivou/source/ops/bin/kivou-deploy.sh staging 18e37b8e454150a2e3b0670b9f8f7d150d885b41...
From github.com:bruppacherrodrigue-art/Kivou
 * branch            main       -> FETCH_HEAD
Preparing worktree (detached HEAD 18e37b8)
HEAD is now at 18e37b8 fix(ui): finish responsive review and share screen components
Using CPython 3.12.3 interpreter at: /usr/bin/python3
Creating virtual environment at: /srv/kivou/releases/staging-18e37b8e454150a2e3b0670b9f8f7d150d885b41/.venv
   Building signals @ file:///srv/kivou/releases/staging-18e37b8e454150a2e3b0670b9f8f7d150d885b41
      Built signals @ file:///srv/kivou/releases/staging-18e37b8e454150a2e3b0670b9f8f7d150d885b41
Prepared 1 package in 781ms
Installed 55 packages in 1.10s
 + aiosmtpd==1.4.6
 + alembic==1.19.1
 + annotated-doc==0.0.5
 + annotated-types==0.8.0
 + anyio==4.14.2
 + argon2-cffi==25.1.0
 + argon2-cffi-bindings==25.1.0
 + atpublic==7.0.0
 + attrs==26.1.0
 + certifi==2026.7.22
 + cffi==2.1.1
 + charset-normalizer==3.5.1
 + click==8.4.2
 + cryptography==50.0.0
 + defusedxml==0.7.1
 + dnspython==2.8.0
 + email-validator==2.3.0
 + fastapi==0.141.1
 + greenlet==3.5.5
 + h11==0.16.0
 + httpcore==1.0.9
 + httptools==0.8.0
 + httpx==0.28.1
 + idna==3.18
 + iniconfig==2.3.0
 + mako==1.4.1
 + markupsafe==3.0.3
 + packaging==26.3
 + playwright==1.62.0
 + pluggy==1.6.0
 + psycopg==3.3.4
 + psycopg-binary==3.3.4
 + pycparser==3.0
 + pydantic==2.13.5
 + pydantic-core==2.46.5
 + pyee==13.0.1
 + pygments==2.20.0
 + pypdf==6.16.1
 + pytest==9.1.1
 + python-dotenv==1.2.3
 + pyyaml==6.0.3
 + requests==2.34.2
 + ruff==0.16.5
 + signals==0.1.0 (from file:///srv/kivou/releases/staging-18e37b8e454150a2e3b0670b9f8f7d150d885b41)
 + sqlalchemy==2.0.52
 + starlette==1.6.0
 + stripe==15.6.0
 + trustme==1.2.1
 + typing-extensions==4.16.0
 + typing-inspection==0.4.4
 + urllib3==2.7.0
 + uvicorn==0.52.4
 + uvloop==0.22.1
 + watchfiles==1.2.0
 + websockets==17.0.1
Installing dependencies...
Hit:1 https://deb.nodesource.com/node_24.x nodistro InRelease
Hit:2 http://az3.clouds.archive.ubuntu.com/ubuntu noble InRelease
Hit:3 http://security.ubuntu.com/ubuntu noble-security InRelease
Hit:4 http://az3.clouds.archive.ubuntu.com/ubuntu noble-updates InRelease
Hit:5 http://az3.clouds.archive.ubuntu.com/ubuntu noble-backports InRelease
Reading package lists...
Reading package lists...
Building dependency tree...
Reading state information...
libasound2t64 is already the newest version (1.2.11-1ubuntu0.3).
libatk-bridge2.0-0t64 is already the newest version (2.52.0-1build1).
libatk1.0-0t64 is already the newest version (2.52.0-1build1).
libatspi2.0-0t64 is already the newest version (2.52.0-1build1).
libcairo2 is already the newest version (1.18.0-3build1).
libcups2t64 is already the newest version (2.4.7-1.2ubuntu7.14).
libdbus-1-3 is already the newest version (1.14.10-4ubuntu4.1).
libdrm2 is already the newest version (2.4.125-1ubuntu0.1~24.04.2).
libgbm1 is already the newest version (25.2.8-0ubuntu0.24.04.2).
libglib2.0-0t64 is already the newest version (2.80.0-6ubuntu3.8).
libnspr4 is already the newest version (2:4.35-1.1build1).
libnss3 is already the newest version (2:3.98-1ubuntu0.2).
libpango-1.0-0 is already the newest version (1.52.1+ds-1build1).
libx11-6 is already the newest version (2:1.8.7-1build1).
libxcb1 is already the newest version (1.15-1ubuntu2).
libxcomposite1 is already the newest version (1:0.4.5-1build3).
libxdamage1 is already the newest version (1:1.1.6-1build1).
libxext6 is already the newest version (2:1.3.4-1build2).
libxfixes3 is already the newest version (1:6.0.0-2build1).
libxkbcommon0 is already the newest version (1.6.0-1build1).
libxrandr2 is already the newest version (2:1.5.2-2build1).
xvfb is already the newest version (2:21.1.12-1ubuntu1.6).
fonts-noto-color-emoji is already the newest version (2.047-0ubuntu0.24.04.1).
fonts-unifont is already the newest version (1:15.1.01-1build1).
libfontconfig1 is already the newest version (2.15.0-1.1ubuntu2).
libfreetype6 is already the newest version (2.13.2+dfsg-1ubuntu0.1).
xfonts-cyrillic is already the newest version (1:1.0.5+nmu1).
xfonts-scalable is already the newest version (1:1.0.3-1.3).
fonts-liberation is already the newest version (1:2.1.5-3).
fonts-ipafont-gothic is already the newest version (00303-21ubuntu1).
fonts-wqy-zenhei is already the newest version (0.9.45-8).
fonts-tlwg-loma-otf is already the newest version (1:0.7.3-1).
fonts-freefont-ttf is already the newest version (20211204+svn4273-2).
0 upgraded, 0 newly installed, 0 to remove and 41 not upgraded.
npm warn deprecated whatwg-encoding@3.1.1: Use @exodus/bytes instead for a more spec-conformant and faster implementation
added 367 packages, and audited 368 packages in 8s
74 packages are looking for funding
  run `npm fund` for details
found 0 vulnerabilities
npm warn allow-scripts 1 package has install scripts not yet covered by allowScripts:
npm warn allow-scripts   esbuild@0.28.2 (postinstall: node install.js)
npm warn allow-scripts
npm warn allow-scripts Run `npm approve-scripts --allow-scripts-pending` to review, or `npm approve-scripts <pkg>` to allow.
> kivou-frontend@0.1.0 build
> tsc -b && vite build
vite v7.3.6 building client environment for production...
transforming...
✓ 2040 modules transformed.
rendering chunks...
computing gzip size...
dist/index.html                                                     1.01 kB │ gzip:   0.61 kB
dist/assets/lora-vietnamese-wght-normal-CfJ7gtf3.woff2              8.99 kB
dist/assets/instrument-sans-latin-ext-wght-normal-B5bTHO_g.woff2   11.14 kB
dist/assets/lora-symbols-wght-normal-DQ5VrUkH.woff2                17.25 kB
dist/assets/lora-latin-ext-wght-normal-C2Wlntb9.woff2              20.09 kB
dist/assets/lora-cyrillic-wght-normal-UWPuZLjM.woff2               21.23 kB
dist/assets/lora-cyrillic-ext-wght-normal-YcVxMP-u.woff2           23.64 kB
dist/assets/lora-math-wght-normal-sOy7rEfW.woff2                   29.24 kB
dist/assets/instrument-sans-latin-wght-normal-BbzFLZTg.woff2       30.09 kB
dist/assets/lora-latin-wght-normal-BiLcIKcI.woff2                  37.79 kB
dist/assets/index-BezPKptd.css                                    243.03 kB │ gzip:  40.02 kB
dist/assets/index-2ovG293I.js                                     702.40 kB │ gzip: 214.99 kB
(!) Some chunks are larger than 500 kB after minification. Consider:
- Using dynamic import() to code-split the application
- Use build.rollupOptions.output.manualChunks to improve chunking: https://rollupjs.org/configuration-options/#output-manualchunks
- Adjust chunk size limit for this warning via build.chunkSizeWarningLimit.
✓ built in 5.35s
pam_unix(runuser:session): session opened for user kivou(uid=999) by (uid=0)
[kivou-backup] sauvegarde en cours vers kivou-20260906T161644Z.dump
[kivou-backup] sauvegarde acceptée : kivou-20260906T161644Z.dump (1534586829 octets)
[kivou-backup] rétention 14 j — 0 archive(s) supprimée(s)
pam_unix(runuser:session): session closed for user kivou
api_readiness=timeout unit=kivou-api.service attempts=5
kivou-173-review-deploy-18e37b8.service: Main process exited, code=exited, status=1/FAILURE
kivou-173-review-deploy-18e37b8.service: Failed with result 'exit-code'.
Failed to start kivou-173-review-deploy-18e37b8.service - /srv/kivou/source/ops/bin/kivou-deploy.sh staging 18e37b8e454150a2e3b0670b9f8f7d150d885b41.
kivou-173-review-deploy-18e37b8.service: Consumed 2min 34.290s CPU time, 1.1G memory peak, 0B memory swap peak.
