[WebServer] (node:593500) Warning: The 'NO_COLOR' env is ignored due to the 'FORCE_COLOR' env being set.
[WebServer] (Use `node --trace-warnings ...` to show where the warning was created)

Running 39 tests using 1 worker

(node:593538) Warning: The 'NO_COLOR' env is ignored due to the 'FORCE_COLOR' env being set.
(Use `node --trace-warnings ...` to show where the warning was created)
  ✓   1 tests/visual/reference-port.spec.ts:37:1 › today goldens cover discovery and three-month Essential accounts (8ms)
  ✓   2 tests/visual/reference-port.spec.ts:47:1 › dashboard-signals adversarial fixture contract (12ms)
  ✓   3 tests/visual/reference-port.spec.ts:78:1 › dashboard-companies published fixture contract (31ms)
  ✓   4 tests/visual/reference-port.spec.ts:378:5 › public-home desktop (2.4s)
  ✓   5 tests/visual/reference-port.spec.ts:378:5 › public-home mobile (1.3s)
  ✓   6 tests/visual/reference-port.spec.ts:378:5 › public-product desktop (1.7s)
  ✓   7 tests/visual/reference-port.spec.ts:378:5 › public-product mobile (1.3s)
  ✓   8 tests/visual/reference-port.spec.ts:378:5 › public-pricing desktop (1.4s)
  ✓   9 tests/visual/reference-port.spec.ts:378:5 › public-pricing mobile (1.3s)
  ✓  10 tests/visual/reference-port.spec.ts:378:5 › public-signal desktop (2.1s)
  ✓  11 tests/visual/reference-port.spec.ts:378:5 › public-signal mobile (1.6s)
  ✓  12 tests/visual/reference-port.spec.ts:378:5 › public-contact desktop (1.3s)
  ✓  13 tests/visual/reference-port.spec.ts:378:5 › public-contact mobile (1.2s)
  ✓  14 tests/visual/reference-port.spec.ts:378:5 › public-legal desktop (2.3s)
  ✓  15 tests/visual/reference-port.spec.ts:378:5 › public-legal mobile (1.8s)
  ✓  16 tests/visual/reference-port.spec.ts:378:5 › dashboard-login desktop (1.1s)
  ✓  17 tests/visual/reference-port.spec.ts:378:5 › dashboard-login mobile (1.1s)
  ✓  18 tests/visual/reference-port.spec.ts:378:5 › dashboard-signup desktop (1.2s)
  ✓  19 tests/visual/reference-port.spec.ts:378:5 › dashboard-signup mobile (1.1s)
  ✓  20 tests/visual/reference-port.spec.ts:378:5 › dashboard-onboarding desktop (1.1s)
  ✓  21 tests/visual/reference-port.spec.ts:378:5 › dashboard-onboarding mobile (1.2s)
  ✓  22 tests/visual/reference-port.spec.ts:378:5 › dashboard-overview desktop (1.1s)
  ✓  23 tests/visual/reference-port.spec.ts:378:5 › dashboard-overview mobile (1.1s)
  ✓  24 tests/visual/reference-port.spec.ts:378:5 › dashboard-overview-discovery desktop (1.1s)
  ✓  25 tests/visual/reference-port.spec.ts:378:5 › dashboard-overview-discovery mobile (1.1s)
  ✓  26 tests/visual/reference-port.spec.ts:378:5 › dashboard-signals desktop (1.2s)
  ✓  27 tests/visual/reference-port.spec.ts:378:5 › dashboard-signals mobile (1.1s)
  ✓  28 tests/visual/reference-port.spec.ts:378:5 › dashboard-companies desktop (1.2s)
  ✓  29 tests/visual/reference-port.spec.ts:378:5 › dashboard-companies mobile (1.1s)
  ✓  30 tests/visual/reference-port.spec.ts:378:5 › dashboard-targeting desktop (1.2s)
  ✓  31 tests/visual/reference-port.spec.ts:378:5 › dashboard-targeting mobile (1.1s)
  ✓  32 tests/visual/reference-port.spec.ts:378:5 › dashboard-account desktop (1.2s)
  ✓  33 tests/visual/reference-port.spec.ts:378:5 › dashboard-account mobile (1.1s)
  ✓  34 tests/visual/reference-port.spec.ts:412:1 › dashboard-signals drawer navigation (2.0s)
  ✓  35 tests/visual/reference-port.spec.ts:451:1 › public menu open mobile (1.3s)
  ✓  36 tests/visual/reference-port.spec.ts:468:1 › dashboard sidebar open mobile (1.2s)
  ✓  37 tests/visual/reference-port.spec.ts:485:1 › dashboard Aujourd’hui tient sans défilement à 1280 × 800 (1.0s)
  ✓  38 tests/visual/reference-port.spec.ts:495:1 › connected text normalization survives a late shell rerender (157ms)
  ✓  39 tests/visual/reference-port.spec.ts:520:1 › connected scroll normalization survives a late history restoration (174ms)

  39 passed (47.5s)
