Running as unit: kivou-173-import-diagnostic.service; invocation ID: 4f6848fbf4b54b53b3f76edc9515c2b3
import time: self [us] | cumulative | imported package
import time:       225 |        225 |   _io
import time:        25 |         25 |   marshal
import time:       277 |        277 |   posix
import time:       328 |        853 | _frozen_importlib_external
import time:        90 |         90 |   time
import time:        91 |        181 | zipimport
import time:        39 |         39 |     _codecs
import time:       267 |        305 |   codecs
import time:       424 |        424 |   encodings.aliases
import time:       535 |       1264 | encodings
import time:       166 |        166 | encodings.utf_8
import time:        83 |         83 | _signal
import time:        22 |         22 |     _abc
import time:       126 |        147 |   abc
import time:       146 |        293 | io
import time:        42 |         42 |       _stat
import time:        76 |        117 |     stat
import time:       868 |        868 |     _collections_abc
import time:        41 |         41 |       genericpath
import time:        77 |        118 |     posixpath
import time:       274 |       1376 |   os
import time:        49 |         49 |   _sitebuiltins
import time:       182 |        182 |         itertools
import time:        90 |         90 |         keyword
import time:        59 |         59 |           _operator
import time:       236 |        294 |         operator
import time:       135 |        135 |         reprlib
import time:        49 |         49 |         _collections
import time:       831 |       1580 |       collections
import time:       190 |        190 |         types
import time:        45 |         45 |         _functools
import time:       557 |        790 |       functools
import time:       525 |       2894 |     contextlib
import time:       419 |       3312 |   _virtualenv
import time:        79 |         79 |     apport_python_hook
import time:        98 |        177 |   sitecustomize
import time:       850 |       5762 | site
import time:       201 |        201 |     signals
import time:       158 |        158 |       __future__
import time:       100 |        100 |         _datetime
import time:       181 |        281 |       datetime
import time:      1111 |       1111 |           enum
import time:        60 |         60 |             _sre
import time:       209 |        209 |               re._constants
import time:       331 |        540 |             re._parser
import time:        83 |         83 |             re._casefix
import time:       379 |       1061 |           re._compiler
import time:       222 |        222 |           copyreg
import time:       444 |       2837 |         re
import time:       132 |        132 |           collections.abc
import time:       127 |        127 |               token
import time:        26 |         26 |               _tokenize
import time:       790 |        943 |             tokenize
import time:       131 |       1073 |           linecache
import time:      2091 |       2091 |           textwrap
import time:       478 |       3773 |         traceback
import time:       268 |        268 |         warnings
import time:       194 |        194 |           _weakrefset
import time:       351 |        544 |         weakref
import time:        25 |         25 |           _string
import time:       514 |        538 |         string
import time:       537 |        537 |         threading
import time:        39 |         39 |         atexit
import time:      1670 |      10203 |       logging
import time:        36 |         36 |           _typing
import time:      2205 |       2240 |         typing
import time:       238 |        238 |           sqlalchemy.util.preloaded
import time:        98 |         98 |               sqlalchemy.cyextension
import time:        77 |         77 |                 zlib
import time:       698 |        774 |               sqlalchemy.cyextension.collections
import time:       320 |        320 |               sqlalchemy.cyextension.immutabledict
import time:       222 |        222 |               sqlalchemy.cyextension.processors
import time:       202 |        202 |               sqlalchemy.cyextension.resultproxy
import time:        69 |         69 |                         _struct
import time:        94 |        162 |                       struct
import time:        52 |         52 |                       binascii
import time:       251 |        464 |                     base64
import time:       152 |        152 |                       copy
import time:        55 |         55 |                           _ast
import time:      1286 |       1340 |                         ast
import time:        27 |         27 |                             _opcode
import time:       370 |        396 |                           opcode
import time:       658 |       1053 |                         dis
import time:       136 |        136 |                           importlib
import time:        53 |        188 |                         importlib.machinery
import time:      2219 |       4798 |                       inspect
import time:       829 |       5778 |                     dataclasses
import time:      2096 |       2096 |                       _hashlib
import time:        56 |         56 |                       _blake2
import time:       301 |       2453 |                     hashlib
import time:        80 |         80 |                       _wmi
import time:       603 |        683 |                     platform
import time:       470 |        470 |                     sysconfig
import time:       617 |        617 |                     _sysconfigdata__x86_64-linux-gnu
import time:        67 |         67 |                         _csv
import time:       317 |        383 |                       csv
import time:       112 |        112 |                       email
import time:       137 |        137 |                         fnmatch
import time:        51 |         51 |                         errno
import time:        94 |         94 |                           urllib
import time:        75 |         75 |                           math
import time:      1147 |       1147 |                           ipaddress
import time:      2324 |       3638 |                         urllib.parse
import time:        76 |         76 |                           _winapi
import time:        48 |         48 |                           nt
import time:        58 |         58 |                           nt
import time:        46 |         46 |                           nt
import time:        38 |         38 |                           nt
import time:        48 |         48 |                           nt
import time:        34 |         34 |                           nt
import time:       117 |        460 |                         ntpath
import time:       820 |       5105 |                       pathlib
import time:       121 |        121 |                           importlib._abc
import time:       109 |        229 |                         importlib.util
import time:       162 |        162 |                             _compression
import time:       388 |        388 |                             _bz2
import time:       308 |        857 |                           bz2
import time:       308 |        308 |                             _lzma
import time:       224 |        531 |                           lzma
import time:       613 |       2001 |                         shutil
import time:       133 |        133 |                           zipfile._path.glob
import time:       511 |        644 |                         zipfile._path
import time:       931 |       3803 |                       zipfile
import time:       220 |        220 |                           quopri
import time:        49 |         49 |                                 _bisect
import time:       420 |        469 |                               bisect
import time:        98 |         98 |                               _random
import time:        51 |         51 |                               _sha2
import time:       388 |       1004 |                             random
import time:       260 |        260 |                               _socket
import time:       104 |        104 |                                 select
import time:      1165 |       1268 |                               selectors
import time:       141 |        141 |                               array
import time:      1436 |       3104 |                             socket
import time:        95 |         95 |                                   _locale
import time:      1119 |       1214 |                                 locale
import time:       992 |       2206 |                               calendar
import time:       310 |       2515 |                             email._parseaddr
import time:       211 |        211 |                               email.base64mime
import time:       286 |        286 |                               email.quoprimime
import time:       386 |        386 |                               email.errors
import time:       206 |        206 |                               email.encoders
import time:       247 |       1334 |                             email.charset
import time:       757 |       8712 |                           email.utils
import time:      1190 |       1190 |                             email.header
import time:       337 |       1527 |                           email._policybase
import time:       261 |        261 |                           email._encoded_words
import time:       113 |        113 |                           email.iterators
import time:       675 |      11505 |                         email.message
import time:        72 |         72 |                           importlib.metadata._functools
import time:       123 |        194 |                         importlib.metadata._text
import time:       281 |      11979 |                       importlib.metadata._adapters
import time:       412 |        412 |                       importlib.metadata._meta
import time:       383 |        383 |                       importlib.metadata._collections
import time:        90 |         90 |                       importlib.metadata._itertools
import time:       459 |        459 |                             tempfile
import time:       386 |        386 |                             importlib.resources.abc
import time:       363 |        363 |                             importlib.resources._adapters
import time:       415 |       1623 |                           importlib.resources._common
import time:       148 |        148 |                           importlib.resources._legacy
import time:       356 |       2126 |                         importlib.resources
import time:       342 |       2467 |                       importlib.abc
import time:      1686 |      26415 |                     importlib.metadata
import time:      1192 |      38068 |                   sqlalchemy.util.compat
import time:      1041 |      39108 |                 sqlalchemy.exc
import time:       269 |      39376 |               sqlalchemy.cyextension.util
import time:       191 |      41181 |             sqlalchemy.util._has_cy
import time:      3294 |       3294 |               typing_extensions
import time:       883 |       4177 |             sqlalchemy.util.typing
import time:       855 |      46211 |           sqlalchemy.util._collections
import time:        98 |         98 |                   concurrent
import time:       499 |        499 |                   concurrent.futures._base
import time:       145 |        741 |                 concurrent.futures
import time:        34 |         34 |                   _heapq
import time:       166 |        199 |                 heapq
import time:       487 |        487 |                   signal
import time:        63 |         63 |                   fcntl
import time:        68 |         68 |                   msvcrt
import time:        36 |         36 |                   _posixsubprocess
import time:       774 |       1426 |                 subprocess
import time:      1488 |       1488 |                   _ssl
import time:      1858 |       3345 |                 ssl
import time:       200 |        200 |                 asyncio.constants
import time:       102 |        102 |                 asyncio.coroutines
import time:       148 |        148 |                     _contextvars
import time:        90 |        238 |                   contextvars
import time:       104 |        104 |                   asyncio.format_helpers
import time:       125 |        125 |                     asyncio.base_futures
import time:       154 |        154 |                     asyncio.exceptions
import time:        90 |         90 |                     asyncio.base_tasks
import time:       376 |        744 |                   _asyncio
import time:       445 |       1529 |                 asyncio.events
import time:       188 |        188 |                 asyncio.futures
import time:       125 |        125 |                 asyncio.protocols
import time:       194 |        194 |                   asyncio.transports
import time:        78 |         78 |                   asyncio.log
import time:       596 |        868 |                 asyncio.sslproto
import time:        75 |         75 |                     asyncio.mixins
import time:       357 |        432 |                   asyncio.locks
import time:       318 |        318 |                     asyncio.timeouts
import time:       344 |        661 |                   asyncio.tasks
import time:       229 |       1320 |                 asyncio.staggered
import time:       136 |        136 |                 asyncio.trsock
import time:       910 |      11083 |               asyncio.base_events
import time:       222 |        222 |               asyncio.runners
import time:       196 |        196 |               asyncio.queues
import time:       316 |        316 |               asyncio.streams
import time:       187 |        187 |               asyncio.subprocess
import time:       111 |        111 |               asyncio.taskgroups
import time:        64 |         64 |               asyncio.threads
import time:       201 |        201 |                 asyncio.base_subprocess
import time:       445 |        445 |                 asyncio.selector_events
import time:       711 |       1356 |               asyncio.unix_events
import time:       252 |      13784 |             asyncio
import time:      1510 |       1510 |               greenlet._greenlet
import time:       158 |       1668 |             greenlet
import time:      1788 |       1788 |               sqlalchemy.util.langhelpers
import time:       277 |       2064 |             sqlalchemy.util._concurrency_py3k
import time:       227 |      17742 |           sqlalchemy.util.concurrency
import time:       246 |        246 |           sqlalchemy.util.deprecations
import time:       420 |      64857 |         sqlalchemy.util
import time:       407 |        407 |                           sqlalchemy.event.registry
import time:       191 |        598 |                         sqlalchemy.event.legacy
import time:      1784 |       2381 |                       sqlalchemy.event.attr
import time:       423 |       2804 |                     sqlalchemy.event.base
import time:       175 |       2978 |                   sqlalchemy.event.api
import time:       113 |       3091 |                 sqlalchemy.event
import time:       317 |        317 |                       sqlalchemy.log
import time:      2019 |       2336 |                     sqlalchemy.pool.base
import time:       769 |       3104 |                   sqlalchemy.pool.events
import time:       312 |        312 |                     sqlalchemy.util.queue
import time:       478 |        789 |                   sqlalchemy.pool.impl
import time:       163 |       4055 |                 sqlalchemy.pool
import time:       718 |        718 |                       sqlalchemy.sql.roles
import time:       325 |        325 |                       sqlalchemy.inspection
import time:      1520 |       2561 |                     sqlalchemy.sql._typing
import time:       979 |        979 |                       sqlalchemy.sql.visitors
import time:      1061 |       1061 |                       sqlalchemy.sql.cache_key
import time:       787 |        787 |                         sqlalchemy.sql.operators
import time:       608 |       1394 |                       sqlalchemy.sql.traversals
import time:      2528 |       5960 |                     sqlalchemy.sql.base
import time:       335 |        335 |                         numbers
import time:      1318 |       1652 |                       sqlalchemy.sql.coercions
import time:       346 |        346 |                             sqlalchemy.sql.annotation
import time:       785 |        785 |                                   _decimal
import time:       245 |       1030 |                                 decimal
import time:      1538 |       1538 |                                 sqlalchemy.sql.type_api
import time:      6579 |       9146 |                               sqlalchemy.sql.elements
import time:       175 |        175 |                               sqlalchemy.util.topological
import time:      1729 |      11048 |                             sqlalchemy.sql.ddl
import time:       287 |        287 |                                         _json
import time:       335 |        621 |                                       json.scanner
import time:       436 |       1057 |                                     json.decoder
import time:       445 |        445 |                                     json.encoder
import time:       323 |       1824 |                                   json
import time:       299 |        299 |                                     _compat_pickle
import time:        97 |         97 |                                     _pickle
import time:       796 |       1191 |                                   pickle
import time:        67 |         67 |                                     _uuid
import time:       417 |        483 |                                   uuid
import time:       176 |        176 |                                     sqlalchemy.engine._py_processors
import time:       120 |        296 |                                   sqlalchemy.engine.processors
import time:      5240 |       9032 |                                 sqlalchemy.sql.sqltypes
import time:     13522 |      22553 |                               sqlalchemy.sql.selectable
import time:      5833 |      28386 |                             sqlalchemy.sql.schema
import time:       858 |      40637 |                           sqlalchemy.sql.util
import time:      1995 |      42631 |                         sqlalchemy.sql.dml
import time:       911 |      43542 |                       sqlalchemy.sql.crud
import time:      3649 |       3649 |                       sqlalchemy.sql.functions
import time:      5501 |      54342 |                     sqlalchemy.sql.compiler
import time:       114 |        114 |                       sqlalchemy.sql._dml_constructors
import time:       307 |        307 |                       sqlalchemy.sql._elements_constructors
import time:       288 |        288 |                       sqlalchemy.sql._selectable_constructors
import time:       955 |        955 |                       sqlalchemy.sql.lambdas
import time:       398 |       2061 |                     sqlalchemy.sql.expression
import time:       407 |        407 |                     sqlalchemy.sql.default_comparator
import time:       699 |        699 |                       sqlalchemy.sql.events
import time:       363 |       1061 |                     sqlalchemy.sql.naming
import time:      5307 |      71696 |                   sqlalchemy.sql
import time:        19 |      71714 |                 sqlalchemy.sql.compiler
import time:      2275 |      81134 |               sqlalchemy.engine.interfaces
import time:       278 |        278 |               sqlalchemy.engine.util
import time:      1250 |      82661 |             sqlalchemy.engine.base
import time:      1607 |      84268 |           sqlalchemy.engine.events
import time:       162 |        162 |               sqlalchemy.dialects
import time:       886 |       1047 |             sqlalchemy.engine.url
import time:       175 |        175 |             sqlalchemy.engine.mock
import time:       741 |       1963 |           sqlalchemy.engine.create
import time:       863 |        863 |               sqlalchemy.engine.row
import time:      1897 |       2760 |             sqlalchemy.engine.result
import time:       982 |       3742 |           sqlalchemy.engine.cursor
import time:      1836 |       1836 |           sqlalchemy.engine.reflection
import time:       292 |      92099 |         sqlalchemy.engine
import time:       195 |        195 |         sqlalchemy.schema
import time:       147 |        147 |         sqlalchemy.types
import time:       175 |        175 |           sqlalchemy.engine.characteristics
import time:      1278 |       1452 |         sqlalchemy.engine.default
import time:       542 |     161529 |       sqlalchemy
import time:       191 |        191 |         starlette
import time:      2601 |       2601 |             http
import time:       490 |       3090 |           starlette.exceptions
import time:       953 |       4042 |         starlette.status
import time:       345 |        345 |             annotated_doc.main
import time:       242 |        587 |           annotated_doc
import time:       325 |        325 |                 anyio._core
import time:      1254 |       1578 |               anyio._core._contextmanagers
import time:       904 |        904 |                 anyio._core._exceptions
import time:        83 |         83 |                 sniffio
import time:      1178 |       2164 |               anyio._core._eventloop
import time:       437 |        437 |                 anyio.to_thread
import time:      1594 |       1594 |                   anyio.abc._eventloop
import time:       342 |        342 |                   anyio.abc._resources
import time:       525 |        525 |                     anyio._core._typedattr
import time:      1039 |       1039 |                       anyio.abc._tasks
import time:      1332 |       2371 |                     anyio.abc._streams
import time:      1987 |       4882 |                   anyio.abc._sockets
import time:       403 |        403 |                   anyio.abc._subprocesses
import time:       389 |        389 |                   anyio.abc._testing
import time:      1567 |       1567 |                     anyio.lowlevel
import time:      1853 |       1853 |                     anyio._core._tasks
import time:       519 |        519 |                     anyio._core._testing
import time:      4999 |       8936 |                   anyio._core._synchronization
import time:      3100 |       3100 |                   anyio.from_thread
import time:       533 |      20176 |                 anyio.abc
import time:      5372 |      25984 |               anyio._core._fileio
import time:       309 |        309 |               anyio._core._resources
import time:       215 |        215 |               anyio._core._signals
import time:       165 |        165 |                   anyio.streams
import time:      1571 |       1735 |                 anyio.streams.stapled
import time:      2558 |       2558 |                 anyio.streams.tls
import time:      4318 |       8611 |               anyio._core._sockets
import time:      2901 |       2901 |                 anyio.streams.memory
import time:       431 |       3331 |               anyio._core._streams
import time:       862 |        862 |               anyio._core._subprocesses
import time:      2616 |       2616 |               anyio._core._tempfile
import time:      1216 |      46881 |             anyio
import time:      1000 |       1000 |                           pydantic_core._pydantic_core
import time:      7989 |       7989 |                           pydantic_core.core_schema
import time:       424 |       9412 |                         pydantic_core
import time:       117 |       9529 |                       pydantic.version
import time:       234 |       9763 |                     pydantic.warnings
import time:       264 |      10026 |                   pydantic._migration
import time:       123 |        123 |                       typing_inspection
import time:      1031 |       1031 |                       typing_inspection.typing_objects
import time:       840 |       1993 |                     typing_inspection.introspection
import time:       134 |        134 |                     pydantic._internal
import time:       335 |        335 |                         pydantic._internal._namespace_utils
import time:       440 |        775 |                       pydantic._internal._typing_extra
import time:       465 |       1239 |                     pydantic._internal._repr
import time:       436 |       3801 |                   pydantic.errors
import time:       366 |      14191 |                 pydantic
import time:        80 |         80 |                     pydantic._internal._internal_dataclass
import time:      1019 |       1099 |                   pydantic.aliases
import time:       791 |        791 |                   pydantic.config
import time:       274 |       2164 |                 pydantic._internal._config
import time:       221 |        221 |                   pydantic._internal._core_utils
import time:        95 |         95 |                     pydantic._internal._import_utils
import time:       902 |        996 |                   pydantic._internal._utils
import time:      2786 |       4002 |                 pydantic._internal._decorators
import time:       399 |        399 |                     pydantic._internal._forward_ref
import time:       509 |        907 |                   pydantic._internal._generics
import time:       170 |        170 |                   pydantic._internal._docs_extraction
import time:       680 |       1755 |                 pydantic._internal._fields
import time:       463 |        463 |                     pydantic.plugin
import time:       268 |        731 |                   pydantic.plugin._schema_validator
import time:       316 |       1046 |                 pydantic._internal._mock_val_ser
import time:      1224 |       1224 |                     fractions
import time:       210 |        210 |                       zoneinfo._tzpath
import time:       131 |        131 |                       zoneinfo._common
import time:       259 |        259 |                       _zoneinfo
import time:       184 |        783 |                     zoneinfo
import time:       159 |        159 |                     pydantic.annotated_handlers
import time:      2653 |       2653 |                     pydantic.functional_validators
import time:       237 |        237 |                       pydantic._internal._core_metadata
import time:       148 |        148 |                       pydantic._internal._schema_generation_shared
import time:      2775 |       3160 |                     pydantic.json_schema
import time:       225 |        225 |                     pydantic._internal._discriminated_union
import time:       209 |        209 |                     pydantic._internal._known_annotated_metadata
import time:       607 |        607 |                     pydantic._internal._schema_gather
import time:      1377 |      10392 |                   pydantic._internal._generate_schema
import time:       153 |        153 |                   pydantic._internal._signature
import time:       430 |      10974 |                 pydantic._internal._model_construction
import time:      5097 |       5097 |                   annotated_types
import time:       314 |        314 |                   pydantic._internal._validators
import time:      6784 |       6784 |                   pydantic.types
import time:      1708 |      13901 |                 pydantic.fields
import time:       237 |        237 |                 pydantic.plugin._loader
import time:      5213 |      53479 |               fastapi.exceptions
import time:       230 |        230 |                 fastapi.openapi
import time:       291 |        291 |                     fastapi.types
import time:       384 |        384 |                       shlex
import time:       632 |        632 |                       starlette.concurrency
import time:       371 |        371 |                       starlette.types
import time:      5870 |       7255 |                     starlette.datastructures
import time:      1390 |       8936 |                   fastapi._compat.shared
import time:       218 |        218 |                     fastapi.openapi.constants
import time:      8006 |       8224 |                   fastapi._compat.v2
import time:       398 |      17556 |                 fastapi._compat
import time:       363 |        363 |                 fastapi.logger
import time:       441 |        441 |                   email_validator.exceptions
import time:       954 |        954 |                   email_validator.types
import time:        99 |         99 |                     unicodedata
import time:     13620 |      13620 |                       email_validator.rfc_constants
import time:      1929 |       1929 |                           idna.idnadata
import time:       511 |        511 |                           idna.intranges
import time:      3565 |       6004 |                         idna.core
import time:       173 |        173 |                         idna.package_data
import time:       500 |       6676 |                       idna
import time:      3225 |      23520 |                     email_validator.syntax
import time:      1016 |      24634 |                   email_validator.validate_email
import time:       160 |        160 |                   email_validator.version
import time:       544 |      26731 |                 email_validator
import time:       879 |        879 |                   email.feedparser
import time:       198 |       1077 |                 email.parser
import time:     72062 |     118016 |               fastapi.openapi.models
import time:      1496 |       1496 |               fastapi.datastructures
import time:      5112 |     178102 |             fastapi.params
import time:       239 |        239 |               fastapi.dependencies
import time:       201 |        201 |                     fastapi.security.base
import time:      1097 |       1097 |                       http.cookies
import time:      1137 |       1137 |                       starlette._utils
import time:        91 |         91 |                         python_multipart
import time:        48 |         48 |                         multipart
import time:      2795 |       2933 |                       starlette.formparsers
import time:        80 |         80 |                         python_multipart
import time:        27 |        106 |                       python_multipart.multipart
import time:        60 |         60 |                         multipart
import time:        18 |         77 |                       multipart.multipart
import time:      2387 |       7735 |                     starlette.requests
import time:       958 |       8893 |                   fastapi.security.api_key
import time:       212 |        212 |                     fastapi.security.utils
import time:      2222 |       2434 |                   fastapi.security.http
import time:      4519 |       4519 |                     fastapi.param_functions
import time:      1845 |       6364 |                   fastapi.security.oauth2
import time:       500 |        500 |                   fastapi.security.open_id_connect_url
import time:       325 |      18514 |                 fastapi.security
import time:        39 |      18552 |               fastapi.security.base
import time:      2749 |      21538 |             fastapi.dependencies.models
import time:       466 |        466 |                 starlette.background
import time:       426 |        892 |               fastapi.background
import time:       385 |        385 |               fastapi.concurrency
import time:       802 |        802 |               fastapi.utils
import time:        71 |         71 |                   _winapi
import time:        44 |         44 |                   winreg
import time:       343 |        457 |                 mimetypes
import time:       200 |        200 |                   hmac
import time:       120 |        320 |                 secrets
import time:      4610 |       5386 |               starlette.responses
import time:      1712 |       1712 |               starlette.websockets
import time:      5935 |      15109 |             fastapi.dependencies.utils
import time:       156 |        156 |                 colorsys
import time:      3451 |       3606 |               pydantic.color
import time:        70 |         70 |                 pydantic_extra_types
import time:        25 |         94 |               pydantic_extra_types.color
import time:      1737 |       5437 |             fastapi.encoders
import time:      4592 |       4592 |             fastapi.sse
import time:       887 |        887 |               starlette._exception_handler
import time:       995 |        995 |               starlette.convertors
import time:       690 |        690 |               starlette.middleware
import time:      1151 |       1151 |               starlette.middleware.body_limit
import time:     34078 |      37799 |             starlette.routing
import time:      1723 |       1723 |             starlette.staticfiles
import time:     29225 |     340401 |           fastapi.routing
import time:       164 |        164 |             fastapi.websockets
import time:       470 |        634 |           fastapi.exception_handlers
import time:       155 |        155 |             fastapi.middleware
import time:       377 |        532 |           fastapi.middleware.asyncexitstack
import time:       886 |        886 |           fastapi.openapi.docs
import time:      1112 |       1112 |             http.client
import time:       883 |        883 |             fastapi.responses
import time:      4629 |       6622 |           fastapi.openapi.utils
import time:       834 |        834 |                 html.entities
import time:       434 |       1267 |               html
import time:      1123 |       2389 |             starlette.middleware.errors
import time:       750 |        750 |             starlette.middleware.exceptions
import time:      1070 |       4208 |           starlette.applications
import time:      1912 |       1912 |           starlette.middleware.base
import time:      8862 |     364639 |         fastapi.applications
import time:       205 |        205 |         fastapi.requests
import time:       446 |     369521 |       fastapi
import time:      8788 |       8788 |                         signals.acquisition.contracts
import time:       227 |       9014 |                       signals.acquisition
import time:        34 |       9048 |                     signals.acquisition.contracts
import time:     34855 |      34855 |                                   signals.policy.contracts
import time:      2239 |       2239 |                                   signals.policy.registry
import time:      2117 |      39209 |                                 signals.policy.evaluator
import time:       292 |      39501 |                               signals.policy
import time:        53 |      39553 |                             signals.policy.contracts
import time:     30205 |      30205 |                                 signals.supplier_discovery.contracts
import time:       835 |        835 |                                 signals.supplier_discovery.profile
import time:       484 |      31524 |                               signals.supplier_discovery
import time:        35 |      31558 |                             signals.supplier_discovery.contracts
import time:     19826 |      90937 |                           signals.company_research.contracts
import time:       879 |        879 |                           signals.company_research.prebuild
import time:       604 |        604 |                           signals.company_research.profile
import time:      1026 |      93444 |                         signals.company_research
import time:        31 |      93475 |                       signals.company_research.contracts
import time:     15011 |     108485 |                     signals.decision_engine.contracts
import time:      2134 |       2134 |                         signals.recency.policy
import time:       201 |       2335 |                       signals.recency
import time:      1028 |       3363 |                     signals.decision_engine.policy
import time:       602 |     121497 |                   signals.decision_engine.evaluator
import time:       925 |        925 |                   signals.decision_engine.input
import time:       227 |     122648 |                 signals.decision_engine
import time:        24 |     122671 |               signals.decision_engine.policy
import time:     20773 |     143443 |             signals.campaigns.contracts
import time:       248 |     143691 |           signals.campaigns
import time:       229 |        229 |                         signals.supervisor.registry
import time:      9628 |       9857 |                       signals.supervisor.contracts
import time:      2790 |       2790 |                       signals.supervisor.runtime
import time:       421 |      13066 |                     signals.supervisor.protocol
import time:       210 |      13276 |                   signals.supervisor
import time:        32 |      13307 |                 signals.supervisor.registry
import time:      2056 |      15362 |               signals.acquisition.state
import time:        95 |         95 |                           alembic.runtime
import time:       107 |        107 |                             sqlalchemy.engine.strategies
import time:       215 |        215 |                                     sqlalchemy.ext
import time:       398 |        613 |                                   sqlalchemy.ext.compiler
import time:      1254 |       1254 |                                           configparser
import time:       103 |        103 |                                                 tomllib._types
import time:       827 |        929 |                                               tomllib._re
import time:       692 |       1621 |                                             tomllib._parser
import time:       125 |       1745 |                                           tomllib
import time:       161 |       3160 |                                         alembic.util.compat
import time:       154 |        154 |                                         alembic.util.exc
import time:       160 |       3473 |                                       alembic.util.editor
import time:       519 |        519 |                                       alembic.util.langhelpers
import time:       359 |        359 |                                         termios
import time:       247 |        606 |                                       alembic.util.messaging
import time:       126 |        126 |                                         mako
import time:       360 |        360 |                                           mako.compat
import time:        53 |         53 |                                               gc
import time:       186 |        239 |                                             timeit
import time:       460 |        698 |                                           mako.util
import time:        96 |         96 |                                             mako.ext
import time:       126 |        126 |                                             pygments
import time:       156 |        156 |                                                 pygments.formatters._mapping
import time:        92 |         92 |                                                 pygments.plugin
import time:       538 |        538 |                                                 pygments.util
import time:       209 |        995 |                                               pygments.formatters
import time:       196 |        196 |                                                   pygments.styles._mapping
import time:       131 |        326 |                                                 pygments.styles
import time:       261 |        587 |                                               pygments.formatter
import time:       306 |        306 |                                               pygments.token
import time:        68 |         68 |                                               ctags
import time:       314 |       2268 |                                             pygments.formatters.html
import time:       108 |        108 |                                               pygments.filter
import time:       536 |        536 |                                               pygments.filters
import time:       216 |        216 |                                               pygments.regexopt
import time:       612 |       1469 |                                             pygments.lexer
import time:      1492 |       1492 |                                                 pygments.lexers._mapping
import time:       265 |        265 |                                                 pygments.modeline
import time:       270 |       2026 |                                               pygments.lexers
import time:       190 |        190 |                                                   pygments.unistring
import time:      1137 |       1326 |                                                 pygments.lexers.python
import time:       483 |        483 |                                                 pygments.lexers._scheme_builtins
import time:      1697 |       3506 |                                               pygments.lexers.lisp
import time:      3061 |       3061 |                                               pygments.lexers.jvm
import time:       653 |        653 |                                               pygments.lexers.ruby
import time:      1383 |       1383 |                                               pygments.lexers.perl
import time:       226 |        226 |                                               pygments.lexers.d
import time:        94 |         94 |                                               pygments.lexers.iolang
import time:       238 |        238 |                                               pygments.lexers.tcl
import time:       295 |        295 |                                               pygments.lexers.factor
import time:       165 |        165 |                                                 pygments.lexers._lua_builtins
import time:      1874 |       2038 |                                               pygments.lexers.scripting
import time:       179 |      13693 |                                             pygments.lexers.agile
import time:       738 |        738 |                                                 pygments.lexers.javascript
import time:       229 |        229 |                                                   pygments.lexers._css_builtins
import time:       489 |        717 |                                                 pygments.lexers.css
import time:       445 |       1899 |                                               pygments.lexers.html
import time:       285 |        285 |                                               pygments.lexers.actionscript
import time:       279 |        279 |                                               pygments.lexers.php
import time:       457 |        457 |                                               pygments.lexers.webmisc
import time:       295 |        295 |                                               pygments.lexers.data
import time:       156 |       3370 |                                             pygments.lexers.web
import time:       271 |        271 |                                               pygments.style
import time:       244 |        514 |                                             pygments.styles.default
import time:       537 |      22069 |                                           mako.ext.pygmentplugin
import time:       333 |      23459 |                                         mako.exceptions
import time:       154 |        154 |                                           mako.cache
import time:       358 |        358 |                                                 mako._ast_util
import time:       231 |        588 |                                               mako.pyparser
import time:      1388 |       1975 |                                             mako.ast
import time:       287 |        287 |                                                 markupsafe._speedups
import time:       511 |        797 |                                               markupsafe
import time:       575 |       1371 |                                             mako.filters
import time:       457 |        457 |                                             mako.parsetree
import time:       174 |        174 |                                             mako.pygen
import time:       873 |       4848 |                                           mako.codegen
import time:       474 |        474 |                                           mako.runtime
import time:       293 |        293 |                                           mako.lexer
import time:       438 |       6206 |                                         mako.template
import time:       207 |      29996 |                                       alembic.util.pyfiles
import time:       883 |        883 |                                       alembic.util.sqla_compat
import time:       289 |      35763 |                                     alembic.util
import time:        46 |      35808 |                                   alembic.util.sqla_compat
import time:       920 |      37340 |                                 alembic.ddl.base
import time:       814 |        814 |                                   alembic.ddl._autogen
import time:       748 |       1561 |                                 alembic.ddl.impl
import time:       400 |      39300 |                               alembic.ddl.mssql
import time:       531 |        531 |                               alembic.ddl.mysql
import time:       188 |        188 |                               alembic.ddl.oracle
import time:       108 |        108 |                                     sqlalchemy.dialects.postgresql.operators
import time:       679 |        786 |                                   sqlalchemy.dialects.postgresql.array
import time:       368 |        368 |                                     sqlalchemy.dialects.postgresql.json
import time:      1543 |       1543 |                                     sqlalchemy.dialects.postgresql.ranges
import time:       589 |        589 |                                         sqlalchemy.dialects.postgresql.types
import time:      4250 |       4839 |                                       sqlalchemy.dialects.postgresql.pg_catalog
import time:       929 |        929 |                                       sqlalchemy.dialects.postgresql.ext
import time:      2121 |       2121 |                                       sqlalchemy.dialects.postgresql.hstore
import time:       654 |        654 |                                       sqlalchemy.dialects.postgresql.named_types
import time:      4236 |      12777 |                                     sqlalchemy.dialects.postgresql.base
import time:       186 |        186 |                                       sqlalchemy.connectors
import time:       562 |        747 |                                     sqlalchemy.connectors.asyncio
import time:      1889 |      17322 |                                   sqlalchemy.dialects.postgresql.asyncpg
import time:      1252 |       1252 |                                   sqlalchemy.dialects.postgresql.pg8000
import time:       498 |        498 |                                     sqlalchemy.dialects.postgresql._psycopg_common
import time:      1272 |       1770 |                                   sqlalchemy.dialects.postgresql.psycopg
import time:       714 |        714 |                                   sqlalchemy.dialects.postgresql.psycopg2
import time:       312 |        312 |                                   sqlalchemy.dialects.postgresql.psycopg2cffi
import time:       434 |        434 |                                     sqlalchemy.dialects._typing
import time:      1312 |       1746 |                                   sqlalchemy.dialects.postgresql.dml
import time:       455 |      24353 |                                 sqlalchemy.dialects.postgresql
import time:       232 |        232 |                                         alembic.autogenerate.compare.util
import time:       196 |        196 |                                               alembic.operations.schemaobj
import time:       316 |        316 |                                                 alembic.operations.batch
import time:       564 |        880 |                                               alembic.operations.base
import time:      5515 |       6590 |                                             alembic.operations.ops
import time:       287 |       6876 |                                           alembic.operations.toimpl
import time:       117 |       6993 |                                         alembic.operations
import time:       218 |       7442 |                                       alembic.autogenerate.compare.check_constraints
import time:       214 |        214 |                                       alembic.autogenerate.compare.comments
import time:       371 |        371 |                                       alembic.autogenerate.compare.constraints
import time:       109 |        109 |                                       alembic.autogenerate.compare.schema
import time:       145 |        145 |                                       alembic.autogenerate.compare.server_defaults
import time:       176 |        176 |                                       alembic.autogenerate.compare.tables
import time:        95 |         95 |                                       alembic.autogenerate.compare.types
import time:      2820 |       2820 |                                       alembic.runtime.plugins
import time:       302 |      11668 |                                     alembic.autogenerate.compare
import time:       516 |        516 |                                     alembic.autogenerate.render
import time:       966 |      13149 |                                   alembic.autogenerate.api
import time:       525 |        525 |                                   alembic.autogenerate.rewriter
import time:       190 |      13863 |                                 alembic.autogenerate
import time:      1730 |      39945 |                               alembic.ddl.postgresql
import time:       272 |        272 |                               alembic.ddl.sqlite
import time:       195 |      80427 |                             alembic.ddl
import time:       740 |      81273 |                           alembic.runtime.migration
import time:      1288 |       1288 |                                 alembic.script.revision
import time:       180 |        180 |                                 alembic.script.write_hooks
import time:       912 |       2379 |                               alembic.script.base
import time:       126 |       2504 |                             alembic.script
import time:        19 |       2523 |                           alembic.script.revision
import time:       730 |      84620 |                         alembic.runtime.environment
import time:      1826 |      86445 |                       alembic.context
import time:      2629 |       2629 |                       alembic.op
import time:       203 |      89277 |                     alembic
import time:       555 |        555 |                     alembic.command
import time:       673 |        673 |                         gettext
import time:      1196 |       1869 |                       argparse
import time:       622 |       2491 |                     alembic.config
import time:       361 |      92682 |                   signals.persistence.database
import time:      8050 |       8050 |                             signals.domain.values
import time:      4707 |      12756 |                           signals.domain.events
import time:      3883 |      16638 |                         signals.domain.awards
import time:      1548 |       1548 |                         signals.domain.companies
import time:      1370 |       1370 |                         signals.domain.evidence
import time:       178 |      19733 |                       signals.domain
import time:        17 |      19749 |                     signals.domain.awards
import time:       157 |      19905 |                   signals.persistence.identity
import time:       328 |        328 |                               sqlalchemy.dialects.sqlite.json
import time:      1963 |       2290 |                             sqlalchemy.dialects.sqlite.base
import time:       509 |        509 |                             sqlalchemy.dialects.sqlite.pysqlite
import time:       571 |       3369 |                           sqlalchemy.dialects.sqlite.aiosqlite
import time:       169 |        169 |                           sqlalchemy.dialects.sqlite.pysqlcipher
import time:       783 |        783 |                           sqlalchemy.dialects.sqlite.dml
import time:       334 |       4653 |                         sqlalchemy.dialects.sqlite
import time:     30812 |      35464 |                       signals.persistence.schema
import time:       989 |      36453 |                     signals.persistence.opportunity
import time:      1598 |      38050 |                   signals.persistence.materialization
import time:      5105 |       5105 |                   signals.persistence.repository
import time:       262 |     156002 |                 signals.persistence
import time:       353 |     156354 |               signals.persistence.conflicts
import time:      4635 |     176351 |             signals.acquisition.store
import time:      1100 |       1100 |             signals.campaigns.factory
import time:      4713 |       4713 |             signals.campaigns.store
import time:      4324 |       4324 |               signals.campaigns.envelope
import time:       246 |        246 |                   httpx.__version__
import time:       152 |        152 |                             urllib.response
import time:       196 |        347 |                           urllib.error
import time:      1693 |       2040 |                         urllib.request
import time:      1314 |       1314 |                         httpx._exceptions
import time:      2481 |       2481 |                           http.cookiejar
import time:      2003 |       2003 |                               httpx._types
import time:      1667 |       1667 |                               httpx._utils
import time:      2077 |       5746 |                             httpx._multipart
import time:      1737 |       7483 |                           httpx._content
import time:       104 |        104 |                             brotli
import time:        59 |         59 |                             brotlicffi
import time:        43 |         43 |                             zstandard
import time:      2254 |       2458 |                           httpx._decoders
import time:      1496 |       1496 |                           httpx._status_codes
import time:      4619 |       4619 |                             httpx._urlparse
import time:      2860 |       7478 |                           httpx._urls
import time:      7254 |      28648 |                         httpx._models
import time:      2236 |      34236 |                       httpx._auth
import time:      1368 |       1368 |                       httpx._config
import time:       486 |        486 |                             httpx._transports.base
import time:      1215 |       1700 |                           httpx._transports.asgi
import time:      2040 |       2040 |                           httpx._transports.default
import time:       619 |        619 |                           httpx._transports.mock
import time:       839 |        839 |                           httpx._transports.wsgi
import time:       270 |       5466 |                         httpx._transports
import time:        30 |       5496 |                       httpx._transports.base
import time:     10234 |      51333 |                     httpx._client
import time:      1100 |      52432 |                   httpx._api
import time:      3256 |       3256 |                           click._compat
import time:       485 |        485 |                             click.globals
import time:      2376 |       2376 |                             click.utils
import time:      2039 |       4900 |                           click.exceptions
import time:      7018 |      15173 |                         click.types
import time:       547 |        547 |                         click._utils
import time:      2542 |       2542 |                           click.parser
import time:      2074 |       4616 |                         click.formatting
import time:      2823 |       2823 |                         click.termui
import time:     16445 |      39601 |                       click.core
import time:      3136 |       3136 |                       click.decorators
import time:       741 |      43478 |                     click
import time:        98 |         98 |                       rich
import time:        28 |        126 |                     rich.console
import time:      2684 |      46286 |                   httpx._main
import time:       765 |      99729 |                 httpx
import time:      7999 |     107727 |               signals.campaigns.instantly
import time:     15043 |      15043 |                     signals.compliance.contracts
import time:      1764 |       1764 |                     signals.compliance.rules
import time:       345 |      17151 |                   signals.compliance
import time:        44 |      17194 |                 signals.compliance.contracts
import time:      1180 |       1180 |                 signals.compliance.jurisdiction
import time:      1605 |       1605 |                   signals.compliance.suppression
import time:       190 |        190 |                     signals.contact_discovery
import time:     19751 |      19751 |                     signals.contact_discovery.contracts
import time:       611 |        611 |                     signals.contact_discovery.identity
import time:      3821 |      24371 |                   signals.contact_discovery.store
import time:      2069 |      28044 |                 signals.compliance.store
import time:      3599 |       3599 |                     signals.conversion.contracts
import time:       304 |       3902 |                   signals.conversion
import time:      3214 |       3214 |                   signals.conversion.token
import time:      1070 |       8184 |                 signals.conversion.link
import time:       148 |        148 |                       signals.ingestion
import time:       772 |        920 |                     signals.ingestion.persisted
import time:      5250 |       5250 |                           signals.needs.model
import time:       309 |        309 |                               signals.understanding.cpv
import time:       759 |        759 |                                 signals.understanding.bkp
import time:      6798 |       6798 |                                 signals.understanding.model
import time:       894 |        894 |                                 signals.understanding.object_text
import time:      1015 |       1015 |                                 signals.understanding.text
import time:       563 |      10027 |                               signals.understanding.engine
import time:       259 |      10594 |                             signals.understanding
import time:        29 |      10623 |                           signals.understanding.model
import time:      1330 |      17202 |                         signals.needs.features
import time:       930 |        930 |                         signals.needs.rules
import time:      1054 |      19185 |                       signals.needs.engine
import time:       205 |      19390 |                     signals.needs
import time:      2412 |      22720 |                   signals.supplier_discovery.seed
import time:      1811 |      24531 |                 signals.conversion.source
import time:     15637 |      15637 |                     signals.operations.contracts
import time:       273 |      15910 |                   signals.operations
import time:      2937 |       2937 |                   signals.operations.store
import time:     96565 |     115410 |                 signals.operations.circuit_breakers
import time:      1756 |       1756 |                   signals.policy.store
import time:      3291 |       5046 |                 signals.policy.gateway
import time:     11808 |     211395 |               signals.campaigns.service
import time:      5981 |     329425 |             signals.campaigns.worker
import time:     11271 |     522858 |           signals.campaigns.webhooks
import time:     13607 |      13607 |               signals.responses.contracts
import time:       418 |      14025 |             signals.responses
import time:        41 |      14065 |           signals.responses.contracts
import time:      1438 |       1438 |             signals.responses.classifier
import time:      7037 |       7037 |             signals.responses.instantly_email
import time:       493 |        493 |                 _markupbase
import time:      1514 |       2007 |               html.parser
import time:      1990 |       3996 |             signals.responses.normalization
import time:      3430 |       3430 |             signals.responses.safety
import time:      3895 |       3895 |             signals.responses.store
import time:      6647 |      26440 |           signals.responses.service
import time:      2985 |     710038 |         signals.campaigns.runtime_webhook
import time:      4864 |     714902 |       signals.api.config
import time:      2678 |       2678 |             signals.accounts.schema
import time:       742 |       3420 |           signals.accounts.ownership
import time:       199 |       3618 |         signals.accounts
import time:       935 |        935 |         signals.accounts.data_rights
import time:      4069 |       4069 |                     signals.matching.icp
import time:      3478 |       3478 |                     signals.matching.model
import time:      1281 |       8827 |                   signals.matching.engine
import time:       574 |        574 |                   signals.matching.reference
import time:       140 |       9540 |                 signals.matching
import time:        17 |       9557 |               signals.matching.icp
import time:      5669 |      15225 |             signals.accounts.icp_input
import time:       247 |        247 |                 argon2.exceptions
import time:       493 |        493 |                       _cffi_backend
import time:       306 |        799 |                     _argon2_cffi_bindings._ffi
import time:       144 |        943 |                   _argon2_cffi_bindings
import time:       375 |       1317 |                 argon2.low_level
import time:       651 |        651 |                   argon2._utils
import time:       193 |        843 |                 argon2.profiles
import time:       172 |        172 |                   argon2._password_hasher
import time:       182 |        354 |                 argon2._legacy
import time:       268 |       3028 |               argon2
import time:       312 |       3339 |             signals.accounts.passwords
import time:       109 |        109 |             signals.accounts.tokens
import time:      2992 |      21664 |           signals.accounts.service
import time:       500 |        500 |           signals.api.errors
import time:       614 |      22777 |         signals.api.dependencies
import time:      3670 |       3670 |                 pydantic.v1.typing
import time:      3704 |       7374 |               pydantic.v1.errors
import time:       124 |        124 |                   cython
import time:       662 |        786 |                 pydantic.v1.version
import time:      6136 |       6922 |               pydantic.v1.utils
import time:      2921 |      17215 |             pydantic.v1.class_validators
import time:      2298 |       2298 |             pydantic.v1.config
import time:      4135 |       4135 |                 pydantic.v1.color
import time:      3053 |       3053 |                     pydantic.v1.datetime_parse
import time:      4475 |       7527 |                   pydantic.v1.validators
import time:      5195 |      12722 |                 pydantic.v1.networks
import time:      9211 |       9211 |                 pydantic.v1.types
import time:      1127 |      27193 |               pydantic.v1.json
import time:      1762 |      28955 |             pydantic.v1.error_wrappers
import time:      8784 |       8784 |             pydantic.v1.fields
import time:      1217 |       1217 |               pydantic.v1.parse
import time:      8099 |       8099 |               pydantic.v1.schema
import time:      8767 |      18082 |             pydantic.v1.main
import time:      3988 |      79321 |           pydantic.v1.dataclasses
import time:       946 |        946 |           pydantic.v1.annotated_types
import time:      2559 |       2559 |           pydantic.v1.decorator
import time:      3287 |       3287 |           pydantic.v1.env_settings
import time:       992 |        992 |           pydantic.v1.tools
import time:       760 |      87862 |         pydantic.v1
import time:      3939 |     119130 |       signals.api.routes_account_data
import time:      3350 |       3350 |                   signals.alerts.gateway
import time:      5887 |       5887 |                         signals.engagement.schema
import time:      1149 |       7035 |                       signals.engagement.analytics
import time:      1899 |       1899 |                               signals.billing.schema
import time:      1514 |       1514 |                                 signals.billing.catalogue
import time:      4951 |       4951 |                                 signals.billing.gateway
import time:      2274 |       8739 |                               signals.billing.service
import time:       887 |      11524 |                             signals.billing.attempts
import time:      1407 |       1407 |                             signals.billing.checkout
import time:       919 |        919 |                             signals.billing.webhooks
import time:       223 |      14071 |                           signals.billing
import time:        24 |      14095 |                         signals.billing.service
import time:      2541 |      16635 |                       signals.engagement.feedback
import time:       959 |        959 |                       signals.engagement.notifications
import time:       283 |      24910 |                     signals.engagement
import time:        34 |      24943 |                   signals.engagement.schema
import time:      3017 |      31309 |                 signals.alerts.delivery
import time:       749 |        749 |                       signals.feed.policy
import time:      1250 |       1250 |                         signals.domain.french_departments
import time:       494 |        494 |                         signals.engagement.status
import time:      1949 |       1949 |                         signals.feed.history
import time:       359 |        359 |                         signals.feed.text
import time:       195 |        195 |                           signals.personalization
import time:      7324 |       7519 |                         signals.personalization.for_you
import time:      8198 |      19767 |                       signals.feed.query
import time:     24259 |      24259 |                             signals.card_intelligence.contracts
import time:       617 |        617 |                             signals.card_intelligence.protocol
import time:       395 |      25270 |                           signals.card_intelligence
import time:        47 |      25316 |                         signals.card_intelligence.contracts
import time:      1136 |       1136 |                         signals.domain.cpv_labels
import time:       702 |        702 |                           signals.recency.claim
import time:      1138 |       1839 |                         signals.feed.copy
import time:       527 |        527 |                           signals.feed.french_departments
import time:       656 |        656 |                           signals.feed.location
import time:      1283 |       2466 |                         signals.feed.factual_display
import time:      3157 |      33912 |                       signals.feed.view
import time:       357 |      54783 |                     signals.feed
import time:      2352 |      57135 |                   signals.alerts.content
import time:       731 |        731 |                   signals.alerts.lease
import time:       364 |        364 |                   signals.alerts.policy
import time:      1351 |       1351 |                     signals.billing.discovery
import time:       848 |        848 |                     signals.billing.paywall
import time:      1468 |       3666 |                   signals.billing.access
import time:      1214 |       1214 |                   signals.runtime_events
import time:       286 |        286 |                       signals.transactional_email.links
import time:       193 |        478 |                     signals.transactional_email
import time:        19 |        496 |                   signals.transactional_email.links
import time:      6174 |      69778 |                 signals.alerts.job
import time:       376 |     101462 |               signals.alerts
import time:        25 |     101487 |             signals.alerts.gateway
import time:      1050 |     102536 |           signals.accounts.reset_delivery
import time:     13520 |     116055 |         signals.api.routes_auth
import time:      2871 |       2871 |         signals.ingestion.backfill
import time:      2635 |     121560 |       signals.api.routes_attribution
import time:      1962 |       1962 |         signals.billing.plan_change
import time:      5767 |       7729 |       signals.api.routes_billing
import time:       139 |        139 |             signals.companies
import time:     11418 |      11557 |           signals.companies.contracts
import time:       580 |      12136 |         signals.api.cards
import time:      3032 |       3032 |           signals.card_intelligence.input
import time:      1881 |       1881 |             signals.card_intelligence.fallback
import time:     14730 |      16610 |           signals.card_intelligence.validation
import time:      1898 |       1898 |               signals.qa_signals.contracts
import time:       380 |        380 |               signals.qa_signals.protocol
import time:       311 |       2587 |             signals.qa_signals
import time:        35 |       2622 |           signals.qa_signals.contracts
import time:      8998 |      31261 |         signals.card_intelligence.store
import time:      1799 |       1799 |           signals.companies.france
import time:      2377 |       2377 |           signals.companies.identity
import time:      1480 |       1480 |           signals.companies.indexing
import time:      1655 |       1655 |           signals.companies.schema
import time:      2505 |       2505 |           signals.companies.store
import time:      3245 |      13059 |         signals.companies.enrichment
import time:      2680 |       2680 |           signals.companies.service
import time:      2110 |       2110 |           signals.engagement.company
import time:      4411 |       9200 |         signals.companies.listing
import time:      8177 |      73832 |       signals.api.routes_companies
import time:       188 |        188 |           signals.dashboard
import time:      1903 |       2090 |         signals.dashboard.service
import time:       433 |        433 |         signals.domain.subdivisions
import time:      1637 |       4159 |       signals.api.routes_dashboard
import time:      4085 |       4085 |       signals.api.routes_feedback
import time:      8788 |       8788 |       signals.api.routes_icp
import time:      1410 |       1410 |         signals.engagement.notes
import time:      2749 |       4159 |       signals.api.routes_notes
import time:      2378 |       2378 |       signals.api.routes_notifications
import time:      2502 |       2502 |         signals.feed.filters
import time:     10649 |      13150 |       signals.api.routes_signals
import time:      2107 |       2107 |       signals.api.routes_webhooks
import time:      8222 |       8222 |           signals.cockpit.contracts
import time:      7329 |       7329 |             signals.cockpit.metrics
import time:       621 |       7949 |           signals.cockpit.service
import time:       323 |      16493 |         signals.cockpit
import time:      2593 |      19085 |       signals.cockpit.api
import time:      2899 |       2899 |       signals.conversion.milestones
import time:      2952 |       2952 |       signals.conversion.service
import time:      2786 |       2786 |       signals.operations.api
import time:       238 |        238 |           signals.acquisition_runtime
import time:     16496 |      16733 |         signals.acquisition_runtime.contracts
import time:      8087 |       8087 |         signals.acquisition_runtime.store
import time:      1196 |       1196 |           signals.supervisor.pin
import time:       761 |       1956 |         signals.operations.health
import time:       622 |        622 |         signals.operations.readiness
import time:      3759 |      31156 |       signals.operations.service
import time:      1818 |    1678355 |     signals.api.app
import time:      1271 |    1679826 |   signals.api
import time:       671 |    1680496 | signals.api.asgi
boot_import_elapsed=2.26
Finished with result: success
Main processes terminated with: code=exited/status=0
Service runtime: 2.277s
CPU time consumed: 2.261s
Memory peak: 304.0K
Memory swap peak: 0B
